
> build
> vite build

[36mvite v5.4.8 [32mbuilding for production...[36m[39m
transforming...
[32mΓ£ô[39m 126 modules transformed.
node.exe : [31mx[39m Build failed in 1.63s
At line:1 char:1
+ & "C:\Program Files\nodejs/node.exe" "C:\Program Files\nodejs/node_mo 
...
+ ~~~~~~~~~~~~~~~~~~~~~~~~~~~~~~~~~~~~~~~~~~~~~~~~~~~~~~~~~~~~~~~~~~~~~
    + CategoryInfo          : NotSpecified: ([31mx[39m Build failed in 
    1.63s:String) [], RemoteException
    + FullyQualifiedErrorId : NativeCommandError
 
[31merror during build:
[31m[vite]: Rollup failed to resolve import 
"@fortawesome/free-brands-svg-icons" from "C:/Users/Asif/Documents/HSTU-J
ournal/resources/js/Components/Footer.jsx".
This is most likely unintended because it can break your application at 
runtime.
If you do want to externalize this module explicitly add it to
`build.rollupOptions.external`[31m
    at viteWarn (file:///C:/Users/Asif/Documents/HSTU-Journal/node_module
s/vite/dist/node/chunks/dep-CDnG8rE7.js:65532:17)
    at onwarn (file:///C:/Users/Asif/Documents/HSTU-Journal/node_modules/
@vitejs/plugin-react/dist/index.mjs:273:9)
    at onRollupWarning (file:///C:/Users/Asif/Documents/HSTU-Journal/node
_modules/vite/dist/node/chunks/dep-CDnG8rE7.js:65562:5)
    at onwarn (file:///C:/Users/Asif/Documents/HSTU-Journal/node_modules/
vite/dist/node/chunks/dep-CDnG8rE7.js:65227:7)
    at file:///C:/Users/Asif/Documents/HSTU-Journal/node_modules/rollup/d
ist/es/shared/node-entry.js:19393:13
    at Object.logger [as onLog] (file:///C:/Users/Asif/Documents/HSTU-Jou
rnal/node_modules/rollup/dist/es/shared/node-entry.js:21119:9)
    at ModuleLoader.handleInvalidResolvedId (file:///C:/Users/Asif/Docume
nts/HSTU-Journal/node_modules/rollup/dist/es/shared/node-entry.js:20008:2
6)
    at file:///C:/Users/Asif/Documents/HSTU-Journal/node_modules/rollup/d
ist/es/shared/node-entry.js:19966:26[39m
